// Jest Snapshot v1, https://goo.gl/fbAQLP

exports[`<Root /> renders AppLoading before fonts have loaded 1`] = `<AppLoading />`;

exports[`<Root /> renders component when fonts have loaded 1`] = `
<Provider
  store={
    Object {
      "dispatch": [Function],
      "getState": [Function],
      "replaceReducer": [Function],
      "subscribe": [Function],
      Symbol(observable): [Function],
    }
  }
>
  <Connect(NavigationContainer) />
</Provider>
`;
